// Jest Snapshot v1, https://goo.gl/fbAQLP

exports[`Question Component should render and match the snapshot 1`] = `
<div
  className="max-w-3xl rounded overflow-hidden shadow-lg bg-white mt-10"
  data-testid="question-component"
>
  <React.Fragment>
    <div
      className="px-6 py-4"
    >
      <p>
        Question 1/14
      </p>
      <div
        className="font-bold text-xl mb-2 mt-10"
      >
        You’re really busy at work and a colleague is telling you their life story and personal woes. You:
      </div>
      <p>
        <small>
          All questions are required
        </small>
      </p>
      <div
        className="mt-10"
      >
        <div
          className="flex items-center mb-4"
        >
          <input
            className="w-4 h-4 text-black-600 bg-gray-100 dark:bg-gray-700 dark:border-gray-600"
            id="default-radio-a"
            name="default-radio"
            onChange={[Function]}
            type="radio"
            value="a"
          />
          <label
            className="ml-2 text-sm font-medium text-gray-900 dark:text-gray-300"
            htmlFor="default-radio-a"
          >
            Don’t dare to interrupt them
          </label>
        </div>
        <div
          className="flex items-center mb-4"
        >
          <input
            className="w-4 h-4 text-black-600 bg-gray-100 dark:bg-gray-700 dark:border-gray-600"
            id="default-radio-b"
            name="default-radio"
            onChange={[Function]}
            type="radio"
            value="b"
          />
          <label
            className="ml-2 text-sm font-medium text-gray-900 dark:text-gray-300"
            htmlFor="default-radio-b"
          >
            Think it’s more important to give them some of your time; work can wait
          </label>
        </div>
        <div
          className="flex items-center mb-4"
        >
          <input
            className="w-4 h-4 text-black-600 bg-gray-100 dark:bg-gray-700 dark:border-gray-600"
            id="default-radio-c"
            name="default-radio"
            onChange={[Function]}
            type="radio"
            value="c"
          />
          <label
            className="ml-2 text-sm font-medium text-gray-900 dark:text-gray-300"
            htmlFor="default-radio-c"
          >
            Listen, but with only with half an ear
          </label>
        </div>
        <div
          className="flex items-center mb-4"
        >
          <input
            className="w-4 h-4 text-black-600 bg-gray-100 dark:bg-gray-700 dark:border-gray-600"
            id="default-radio-d"
            name="default-radio"
            onChange={[Function]}
            type="radio"
            value="d"
          />
          <label
            className="ml-2 text-sm font-medium text-gray-900 dark:text-gray-300"
            htmlFor="default-radio-d"
          >
            Interrupt and explain that you are really busy at the moment
          </label>
        </div>
      </div>
    </div>
    <div
      className="px-6 pt-4 pb-2"
    >
      <button
        className="text-white bg-gradient-to-r from-blue-500 via-blue-600 to-blue-700 hover:bg-gradient-to-br focus:ring-4 focus:outline-none focus:ring-blue-300 dark:focus:ring-blue-800 shadow-lg shadow-blue-500/50 dark:shadow-lg dark:shadow-blue-800/80 font-medium rounded-lg text-sm px-5 py-2.5 text-center mr-2 mb-2"
        disabled={true}
        onClick={[Function]}
        type="button"
      >
        Next Question
      </button>
    </div>
  </React.Fragment>
</div>
`;
